>This is a test of pattern matching and transforming
#^^^^^^^^^^^^^^^^^^^^^^^^^^^^^^^^^^^^^^^^^^^^^^^^^^^ source.deployer-dply comment.block
>
>	target match_string
#^ source.deployer-dply
# ^^^^^^ source.deployer-dply keyword.target
#       ^^^^^^^^^^^^^^ source.deployer-dply
>
>Read a string from the environment.  This is "hello.world"
#^^^^^^^^^^^^^^^^^^^^^^^^^^^^^^^^^^^^^^^^^^^^^^^^^^^^^^^^^^ source.deployer-dply comment.block
>
>		env "INBOUND" => entry
#^^^^^^^^^^^^^^^^^^^^^^^^^ source.deployer-dply
>		show (regex.match entry "[a-z]+\.[a-z]+")
#^^^^^^^^^^^^^^^^^^^^^^^^^^^^^^^^^^^^^^^^^^^^ source.deployer-dply
>		show (regex.match entry "[0-9]+")
#^^^^^^^^^^^^^^^^^^^^^^^^^^^^^^^^^^^^ source.deployer-dply
>
>	target replace_string
#^ source.deployer-dply
# ^^^^^^ source.deployer-dply keyword.target
#       ^^^^^^^^^^^^^^^^ source.deployer-dply
>
>		env "INBOUND" => entry
#^^^^^^^^^^^^^^^^^^^^^^^^^ source.deployer-dply
>		show (regex.replace entry "([a-z]+)\.([a-z]+)" "\{^2}\{^1}")
#^^^^^^^^^^^^^^^^^^^^^^^^^^^^^^^^^^^^^^^^^^^^^^^^^^^^^^^^^^^^^^^ source.deployer-dply
>		show (regex.replace entry "([a-z]+)\.([a-z]+)" "maybe \{2}-\{^^1}.")
#^^^^^^^^^^^^^^^^^^^^^^^^^^^^^^^^^^^^^^^^^^^^^^^^^^^^^^^^^^^^^^^^^^^^^^^ source.deployer-dply
>
>	target eval_replace
#^ source.deployer-dply
# ^^^^^^ source.deployer-dply keyword.target
#       ^^^^^^^^^^^^^^ source.deployer-dply
>
>		env "INBOUND" => val
#^^^^^^^^^^^^^^^^^^^^^^^ source.deployer-dply
>		regex.replace val "([a-z]+)\.([a-z]+)" "\{^2}\{^1}" => sub
#^^^^^^^^^^^^^^^^^^^^^^^^^^^^^^^^^^^^^^^^^^^^^^^^^^^^^^^^^^^^^ source.deployer-dply
>		show sub
#^^^^^^^^^^^ source.deployer-dply