>This is a test that we can deal with files and copy files from one place to another
#^^^^^^^^^^^^^^^^^^^^^^^^^^^^^^^^^^^^^^^^^^^^^^^^^^^^^^^^^^^^^^^^^^^^^^^^^^^^^^^^^^^ source.deployer-dply comment.block
>We want to be able to specify a local source for the files and copy them to a "bucket".
#^^^^^^^^^^^^^^^^^^^^^^^^^^^^^^^^^^^^^^^^^^^^^^^^^^^^^^^^^^^^^^^^^^^^^^^^^^^^^^^^^^^^^^^ source.deployer-dply comment.block
>The tester somehow needs to know what to expect.
#^^^^^^^^^^^^^^^^^^^^^^^^^^^^^^^^^^^^^^^^^^^^^^^^ source.deployer-dply comment.block
>
>	target copyFilesToBucket
#^ source.deployer-dply
# ^^^^^^ source.deployer-dply keyword.target
#       ^^^^^^^^^^^^^^^^^^^ source.deployer-dply
>		ensure test.S3.Bucket "org.ziniki.launch_bucket" => bucket
#^^^^^^^^^^^^^^^^^^^^^^^^^^^^^^^^^^^^^^^^^^^^^^^^^^^^^^^^^^^^^ source.deployer-dply
>		env "GOLDEN_ROOT" => root
#^^^^^^^^^^^^^^^^^^^^^^^^^^^^ source.deployer-dply
>		files.dir root "filesrc" => src_dir
#^^^^^^^^^^^^^^^^^^^^^^^^^^^^^^^^^^^^^^ source.deployer-dply
>		files.copy src_dir bucket
#^^^^^^^^^^^^^^^^^^^^^^^^^^^^ source.deployer-dply
>
>Now, it is not unreasonable to say that testmod has one or more "assert" methods in it
#^^^^^^^^^^^^^^^^^^^^^^^^^^^^^^^^^^^^^^^^^^^^^^^^^^^^^^^^^^^^^^^^^^^^^^^^^^^^^^^^^^^^^^ source.deployer-dply comment.block
>So we could assert the contents of bucket ...
#^^^^^^^^^^^^^^^^^^^^^^^^^^^^^^^^^^^^^^^^^^^^^ source.deployer-dply comment.block
>
>assertBucketHas
#^^^^^^^^^^^^^^^ source.deployer-dply comment.block
>"foo"
#^^^^^ source.deployer-dply comment.block
>"bar"
#^^^^^ source.deployer-dply comment.block