>This uses the test mod to simulate testing an aws bucket exists
#^^^^^^^^^^^^^^^^^^^^^^^^^^^^^^^^^^^^^^^^^^^^^^^^^^^^^^^^^^^^^^^ source.deployer-dply comment.block
>
>	target findABucket
#^ source.deployer-dply
# ^^^^^^ source.deployer-dply keyword.target
#       ^^^^^^^^^^^^^ source.deployer-dply
>		find test.S3.Bucket "org.ziniki.launch_bucket"
#^^^^^^^^^^^^^^^^^^^^^^^^^^^^^^^^^^^^^^^^^^^^^^^^^ source.deployer-dply
>			@teardown delete
#^^^^^^^^^^^^^^^^^^^^ source.deployer-dply
>