>This is a simple file that just has one target in it that does nothing
#^^^^^^^^^^^^^^^^^^^^^^^^^^^^^^^^^^^^^^^^^^^^^^^^^^^^^^^^^^^^^^^^^^^^^^ source.deployer-dply comment.block
>
>    target installOnAws
#^^^^ source.deployer-dply
#    ^^^^^^ source.deployer-dply keyword.target
#          ^^^^^^^^^^^^^^ source.deployer-dply
>